[tradingwaala.com/index.html]
[backblue.gif]
[fade.gif]
[index.html]
[tradingwaala.com/assets/images/icons/tradingwaalaFavicon.png]
[cdnjs.cloudflare.com/ajax/libs/font-awesome/6.5.1/css/all.min.css]
[cdnjs.cloudflare.com/ajax/libs/animate.css/4.1.1/animate.min.css]
[tradingwaala.com/index-2.html]
[tradingwaala.com/assets/images/icons/tradingwaalaLogo.png]
[tradingwaala.com/search.html]
[tradingwaala.com/admin/login.html]
[tradingwaala.com/login.html]
[tradingwaala.com/product67df.html]
[tradingwaala.com/product3180.html]
[tradingwaala.com/product2826.html]
[tradingwaala.com/product60a4.html]
[tradingwaala.com/product893d.html]
[tradingwaala.com/productb0d2.html]
[tradingwaala.com/productb968.html]
[tradingwaala.com/product06a2.html]
[tradingwaala.com/producta473.html]
[tradingwaala.com/product2a52.html]
[tradingwaala.com/product8422.html]
[tradingwaala.com/productc951.html]
[tradingwaala.com/product51d5.html]
[tradingwaala.com/product2f9a.html]
[tradingwaala.com/productf4eb.html]
[tradingwaala.com/product1a9e.html]
[tradingwaala.com/product5bbb.html]
[tradingwaala.com/producteb74.html]
[tradingwaala.com/product82c8.html]
[tradingwaala.com/productb84a.html]
[tradingwaala.com/producta6fb.html]
[tradingwaala.com/product3d87.html]
[tradingwaala.com/product3f27.html]
[tradingwaala.com/product3a16.html]
[tradingwaala.com/product0407.html]
[tradingwaala.com/productad0e.html]
[tradingwaala.com/productf53c.html]
[tradingwaala.com/product8abb.html]
[tradingwaala.com/productb4ef.html]
[tradingwaala.com/product90a7.html]
[tradingwaala.com/product9456.html]
[tradingwaala.com/product90aa.html]
[tradingwaala.com/productf5e2.html]
[tradingwaala.com/product302d.html]
[tradingwaala.com/product91cc.html]
[tradingwaala.com/product3fe5.html]
[tradingwaala.com/product1055.html]
[tradingwaala.com/producta535.html]
[tradingwaala.com/product7bcd.html]
[tradingwaala.com/producteafd.html]
[tradingwaala.com/product7e30.html]
[tradingwaala.com/productba5b.html]
[tradingwaala.com/productc52d.html]
[tradingwaala.com/producte7c2.html]
[tradingwaala.com/product676c.html]
[tradingwaala.com/product9943.html]
[tradingwaala.com/product8dc9.html]
[tradingwaala.com/productcbcd.html]
[tradingwaala.com/product9867.html]
[tradingwaala.com/product2d88.html]
[tradingwaala.com/product2042.html]
[tradingwaala.com/category.html]
[tradingwaala.com/super_admin/assets/paid_ads/Tradingwaala1.webp]
[tradingwaala.com/super_admin/assets/paid_ads/Tradingwaala2.webp]
[tradingwaala.com/super_admin/assets/paid_ads/Tradingwaala3.webp]
[tradingwaala.com/sub_category7341.html]
[tradingwaala.com/super_admin/assets/category_image/Agriculture.png]
[tradingwaala.com/sub_category30d1.html]
[tradingwaala.com/super_admin/assets/category_image/Apparel & Fas...png]
[tradingwaala.com/sub_category9edc.html]
[tradingwaala.com/super_admin/assets/category_image/Auto & Automo...png]
[tradingwaala.com/sub_category59a9.html]
[tradingwaala.com/super_admin/assets/category_image/Ayurveda & He...png]
[tradingwaala.com/sub_category3023.html]
[tradingwaala.com/super_admin/assets/category_image/Bags, Belts, ...png]
[tradingwaala.com/sub_categoryf535.html]
[tradingwaala.com/super_admin/assets/category_image/Business & P...png]
[tradingwaala.com/sub_category5ede.html]
[tradingwaala.com/super_admin/assets/category_image/Chemical...png]
[tradingwaala.com/sub_category8ea5.html]
[tradingwaala.com/super_admin/assets/category_image/Computers and...png]
[tradingwaala.com/sub_category5211.html]
[tradingwaala.com/super_admin/assets/category_image/Construction...png]
[tradingwaala.com/sub_category780b.html]
[tradingwaala.com/super_admin/assets/category_image/Contractors &...png]
[tradingwaala.com/sub_categoryb0f3.html]
[tradingwaala.com/super_admin/assets/category_image/Electronics &...png]
[tradingwaala.com/sub_category52c3.html]
[tradingwaala.com/super_admin/assets/category_image/Energy & Power.png]
[tradingwaala.com/sub_category4d5e.html]
[tradingwaala.com/super_admin/assets/category_image/Environment...png]
[tradingwaala.com/sub_category2923.html]
[tradingwaala.com/super_admin/assets/category_image/Facility Mang...png]
[tradingwaala.com/sub_category4c6e.html]
[tradingwaala.com/super_admin/assets/category_image/Financial & L...png]
[tradingwaala.com/sub_categoryf9ef.html]
[tradingwaala.com/super_admin/assets/category_image/Food Products...png]
[tradingwaala.com/sub_category3e00.html]
[tradingwaala.com/super_admin/assets/category_image/Furniture...png]
[tradingwaala.com/sub_category4db8.html]
[tradingwaala.com/super_admin/assets/category_image/Gifts & Crafts.png]
[tradingwaala.com/sub_categorybc00.html]
[tradingwaala.com/super_admin/assets/category_image/Health & Beauty.png]
[tradingwaala.com/sub_category920e.html]
[tradingwaala.com/super_admin/assets/category_image/Home Furnishings.png]
[tradingwaala.com/sub_category572d.html]
[tradingwaala.com/super_admin/assets/category_image/Home Supply.png]
[tradingwaala.com/assets/images/icons/category.png]
[tradingwaala.com/super_admin/assets/sub_category/Construction Equipment.jpg]
[tradingwaala.com/product3e6e.html]
[tradingwaala.com/super_admin/assets/sub_category/Building & Construction Machinery.jpg]
[tradingwaala.com/productdc02.html]
[tradingwaala.com/super_admin/assets/sub_category/Awnings, Canopies & Sheds.jpg]
[tradingwaala.com/product687a.html]
[tradingwaala.com/super_admin/assets/sub_category/False Ceiling and Roofing Materials.jpg]
[tradingwaala.com/product4859.html]
[tradingwaala.com/super_admin/assets/sub_category/Wind Energy.jpg]
[tradingwaala.com/super_admin/assets/sub_category/Power Distribution Equipment.jpg]
[tradingwaala.com/super_admin/assets/sub_category/Energy Storage.jpg]
[tradingwaala.com/super_admin/assets/sub_category/Renewable Energy.jpg]
[tradingwaala.com/super_admin/assets/sub_category/Henna Products.jpg]
[tradingwaala.com/productd2cc.html]
[tradingwaala.com/super_admin/assets/sub_category/Baby Care Products.jpg]
[tradingwaala.com/productc49e.html]
[tradingwaala.com/super_admin/assets/sub_category/Medical Consultant.jpg]
[tradingwaala.com/product1117.html]
[tradingwaala.com/super_admin/assets/sub_category/Animal Medicines & Health Care.jpg]
[tradingwaala.com/product7e59.html]
[tradingwaala.com/super_admin/assets/sub_category/Tobacco & Tobacco Products.jpg]
[tradingwaala.com/product9448.html]
[tradingwaala.com/super_admin/assets/sub_category/Confectionery Machinery.jpg]
[tradingwaala.com/product145a.html]
[tradingwaala.com/super_admin/assets/sub_category/Food Processing Equipment.jpg]
[tradingwaala.com/product313a.html]
[tradingwaala.com/super_admin/assets/sub_category/Seafood.jpg]
[tradingwaala.com/product9c55.html]
[tradingwaala.com/super_admin/assets/sub_category/Washing Machine.jpg]
[tradingwaala.com/product938c.html]
[tradingwaala.com/super_admin/assets/sub_category/Electrical & Signaling Contractors.jpg]
[tradingwaala.com/product48e3.html]
[tradingwaala.com/super_admin/assets/sub_category/Electrical Accessories.jpg]
[tradingwaala.com/producte858.html]
[tradingwaala.com/super_admin/assets/sub_category/Microelectronics.jpg]
[tradingwaala.com/productdc10.html]
[tradingwaala.com/super_admin/assets/sub_category/Multiutility Bags, Pouches & Cases.jpg]
[tradingwaala.com/super_admin/assets/sub_category/Fashion & Designer Bags.jpg]
[tradingwaala.com/super_admin/assets/sub_category/Sports and Duffle Bags.jpg]
[tradingwaala.com/super_admin/assets/sub_category/Travel Bags & Backpacks.jpg]
[tradingwaala.com/super_admin/assets/sub_category/Ayurvedic Consultant.jpg]
[tradingwaala.com/product0579.html]
[tradingwaala.com/super_admin/assets/sub_category/Herbal Products.jpg]
[tradingwaala.com/productde0e.html]
[tradingwaala.com/super_admin/assets/sub_category/Herbal Oil.jpg]
[tradingwaala.com/product8112.html]
[tradingwaala.com/super_admin/assets/sub_category/Aloe Vera Products.jpg]
[tradingwaala.com/product4cd3.html]
[tradingwaala.com/super_admin/assets/sub_category/Software Applications.jpg]
[tradingwaala.com/super_admin/assets/sub_category/Computer Accessories.jpg]
[tradingwaala.com/super_admin/assets/sub_category/Computers Peripherals.jpg]
[tradingwaala.com/super_admin/assets/sub_category/Computer Systems.jpg]
[tradingwaala.com/super_admin/assets/sub_category/Pillows & Comforters.jpg]
[tradingwaala.com/product7379.html]
[tradingwaala.com/super_admin/assets/sub_category/Inflatable Products.jpg]
[tradingwaala.com/product2d01.html]
[tradingwaala.com/super_admin/assets/sub_category/Blankets and Quilts.jpg]
[tradingwaala.com/producte064.html]
[tradingwaala.com/super_admin/assets/sub_category/Bar Accessories.jpg]
[tradingwaala.com/product2f30.html]
[tradingwaala.com/super_admin/assets/sub_category/Footwear.jpg]
[tradingwaala.com/productf710.html]
[tradingwaala.com/super_admin/assets/sub_category/Infant & Baby Clothing.jpg]
[tradingwaala.com/product8ffb.html]
[tradingwaala.com/super_admin/assets/sub_category/Party Wear & Wedding Dresses.jpg]
[tradingwaala.com/product7656.html]
[tradingwaala.com/super_admin/assets/sub_category/Wallets & Purses.jpg]
[tradingwaala.com/productce1f.html]
[tradingwaala.com/super_admin/assets/sub_category/Corrosion protection services.jpg]
[tradingwaala.com/product14ae.html]
[tradingwaala.com/super_admin/assets/sub_category/Education & Training.jpg]
[tradingwaala.com/productf394.html]
[tradingwaala.com/super_admin/assets/sub_category/Rental Services.jpg]
[tradingwaala.com/productd63b.html]
[tradingwaala.com/super_admin/assets/sub_category/Business Support Services.jpg]
[tradingwaala.com/product9bff.html]
[tradingwaala.com/super_admin/assets/sub_category/Suspension System & Components.jpg]
[tradingwaala.com/productb2bc.html]
[tradingwaala.com/super_admin/assets/sub_category/Automobile Parts and Accessories.jpg]
[tradingwaala.com/product9170.html]
[tradingwaala.com/super_admin/assets/sub_category/Bicycles Parts and Accessories.jpg]
[tradingwaala.com/productde2c.html]
[tradingwaala.com/super_admin/assets/sub_category/Auto Care Products.jpg]
[tradingwaala.com/productc436.html]
[tradingwaala.com/super_admin/assets/sub_category/Residential & Commercial Security.jpg]
[tradingwaala.com/product6bc3.html]
[tradingwaala.com/super_admin/assets/sub_category/Insecticides & Pesticides.jpg]
[tradingwaala.com/product4ec6.html]
[tradingwaala.com/super_admin/assets/sub_category/Confectionery Products.jpg]
[tradingwaala.com/productc880.html]
[tradingwaala.com/super_admin/assets/sub_category/Housekeeping and Cleaning Services.jpg]
[tradingwaala.com/producte7a8.html]
[tradingwaala.com/super_admin/assets/sub_category/Insurance Agents and Services.jpg]
[tradingwaala.com/super_admin/assets/sub_category/Banks and Banking Services.jpg]
[tradingwaala.com/super_admin/assets/sub_category/Business Auditing & Valuation.jpg]
[tradingwaala.com/super_admin/assets/sub_category/Money Exchange & Transfer Services.jpg]
[tradingwaala.com/super_admin/assets/sub_category/Building Materials.jpg]
[tradingwaala.com/super_admin/assets/sub_category/Costume Designers & Boutiques.jpg]
[tradingwaala.com/super_admin/assets/sub_category/Cable TV & Satellite TV Operators.jpg]
[tradingwaala.com/super_admin/assets/sub_category/Charity & Non Profit Organizations.jpg]
[tradingwaala.com/super_admin/assets/sub_category/Organic & Fresh Fruits.jpg]
[tradingwaala.com/productad82.html]
[tradingwaala.com/super_admin/assets/sub_category/Farming & Agricultural Consultant.jpg]
[tradingwaala.com/product05c3.html]
[tradingwaala.com/super_admin/assets/sub_category/Agro Products.jpg]
[tradingwaala.com/product14be.html]
[tradingwaala.com/super_admin/assets/sub_category/Vegetables.jpg]
[tradingwaala.com/productcb1d.html]
[tradingwaala.com/super_admin/assets/sub_category/Glass Furniture.jpg]
[tradingwaala.com/product1157.html]
[tradingwaala.com/super_admin/assets/sub_category/Computer Furniture.jpg]
[tradingwaala.com/product3b6c.html]
[tradingwaala.com/super_admin/assets/sub_category/Patio Furniture.jpg]
[tradingwaala.com/productce6e.html]
[tradingwaala.com/super_admin/assets/sub_category/Kitchen Furniture.jpg]
[tradingwaala.com/product4db2.html]
[tradingwaala.com/super_admin/assets/sub_category/Pollution Control Equipment.jpg]
[tradingwaala.com/producta969.html]
[tradingwaala.com/super_admin/assets/sub_category/Water Treatment System.jpg]
[tradingwaala.com/product79c2.html]
[tradingwaala.com/super_admin/assets/sub_category/Recycling.jpg]
[tradingwaala.com/product920c.html]
[tradingwaala.com/super_admin/assets/sub_category/Dehumidifiers.jpg]
[tradingwaala.com/product3e76.html]
[tradingwaala.com/super_admin/assets/sub_category/Paint & Coating Chemical.jpg]
[tradingwaala.com/product1902.html]
[tradingwaala.com/super_admin/assets/sub_category/Pesticides, Insecticides and Herbicides.jpg]
[tradingwaala.com/producte3f6.html]
[tradingwaala.com/super_admin/assets/sub_category/Acids.jpg]
[tradingwaala.com/product807a.html]
[tradingwaala.com/super_admin/assets/sub_category/Petrochemicals.jpg]
[tradingwaala.com/product2153.html]
[tradingwaala.com/super_admin/assets/sub_category/Home Cleaning Products.jpg]
[tradingwaala.com/productf91a.html]
[tradingwaala.com/super_admin/assets/sub_category/Household Items.jpg]
[tradingwaala.com/productad64.html]
[tradingwaala.com/super_admin/assets/sub_category/Coasters & Napkin Rings.jpg]
[tradingwaala.com/product646c.html]
[tradingwaala.com/super_admin/assets/sub_category/Artificial & Decorative Candles.jpg]
[tradingwaala.com/product69f1.html]
[tradingwaala.com/super_admin/assets/sub_category/Ceramic and Clay Crafts.jpg]
[tradingwaala.com/product7064.html]
[tradingwaala.com/super_admin/assets/sub_category/Gifts, Crafts & Artifacts.jpg]
[tradingwaala.com/product4041.html]
[tradingwaala.com/super_admin/assets/sub_category/Wooden Handicrafts.jpg]
[tradingwaala.com/producte694.html]
[tradingwaala.com/super_admin/assets/sub_category/Stone Crafts.jpg]
[tradingwaala.com/product5e65.html]
[tradingwaala.com/assets/images/flag/india.png]
[tradingwaala.com/assets/images/flag/usa.png]
[tradingwaala.com/assets/images/flag/uk.png]
[tradingwaala.com/assets/images/flag/Australia.png]
[tradingwaala.com/assets/images/flag/Saudi Arabia.png]
[tradingwaala.com/assets/images/flag/menu.png]
[tradingwaala.com/super_admin/assets/category_banner/Agriculture.jpg]
[tradingwaala.com/super_admin/assets/sub_category/Agricultural Fibers.jpg]
[tradingwaala.com/productb58b.html]
[tradingwaala.com/super_admin/assets/sub_category/R&D & Testing Labs.jpg]
[tradingwaala.com/product8710.html]
[tradingwaala.com/super_admin/assets/sub_category/Agriculture Seeds.jpg]
[tradingwaala.com/product799f.html]
[tradingwaala.com/super_admin/assets/sub_category/Pipe & Tube Plumbing Fittings.jpg]
[tradingwaala.com/producta357.html]
[tradingwaala.com/assets/images/icons/verified.png]
[tradingwaala.com/assets/images/icons/pay.png]
[tradingwaala.com/assets/images/icons/shop.png]
[tradingwaala.com/assets/images/icons/app.png]
[tradingwaala.com/super_admin/assets/sub_category/Leather Bags & Handbags.jpg]
[tradingwaala.com/super_admin/assets/sub_category/Footwear & Shoe Accessories.jpg]
[tradingwaala.com/super_admin/assets/sub_category/Cotton, Jute & Canvas Bags.jpg]
[tradingwaala.com/super_admin/assets/sub_category/Fashion & Leather Belts.jpg]
[tradingwaala.com/super_admin/assets/category_banner/Bags Belts Wallets and Fashion Accessories.jpg]
[tradingwaala.com/assets/images/banner/appdownloadbanner.jpg]
[tradingwaala.com/assets/images/icons/download.png]
[tradingwaala.com/assets/images/icons/google.png]
[tradingwaala.com/assets/images/icons/ios.png]
[tradingwaala.com/about.html]
[tradingwaala.com/ads.html]
[tradingwaala.com/refund.html]
[tradingwaala.com/privacy.html]
[tradingwaala.com/term.html]
[tradingwaala.com/contact.html]
[tradingwaala.com/buyers.html]
[tradingwaala.com/feedback.html]
[tradingwaala.com/complaint.html]
[tradingwaala.com/assets/js/main.js]
[tradingwaala.com/assets/js/jquery.js]
[tradingwaala.com/assets/js/owl.js]
[tradingwaala.com/assets/js/index.js]
[tradingwaala.com/assets/ajax/ajax.js]
[tradingwaala.com/index.html]
[tradingwaala.com/assets/css/main.css]
[tradingwaala.com/assets/css/owl.video.play.12c.delayed]
[tradingwaala.com/assets/css/owl.css]
[tradingwaala.com/assets/images/banner/loginpage.jpg]
[tradingwaala.com/assets/images/banner/bgads.webp]
[tradingwaala.com/assets/images/banner/creativebanner.webp]
[tradingwaala.com/assets/css/style.css]
[tradingwaala.com/assets/css/media.css]
[cdnjs.cloudflare.com/ajax/libs/font-awesome/6.5.1/css/all.min.css]
[cdnjs.cloudflare.com/ajax/libs/animate.css/4.1.1/animate.min.css]
[tradingwaala.com/product1be4.html]
[tradingwaala.com/productb23b.html]
[tradingwaala.com/producte4a4.html]
[tradingwaala.com/productd698.html]
[tradingwaala.com/productea84.html]
[tradingwaala.com/product325f.html]
[tradingwaala.com/productc355.html]
[tradingwaala.com/productddb1.html]
[tradingwaala.com/productc14d.html]
[tradingwaala.com/product424f.html]
[tradingwaala.com/product7d21.html]
[tradingwaala.com/product1d15.html]
[tradingwaala.com/product30f0.html]
[tradingwaala.com/productad64-2.html]
[tradingwaala.com/productb98d.html]
[tradingwaala.com/productc078.html]
[tradingwaala.com/product3c50.html]
[tradingwaala.com/productcacb.html]
[tradingwaala.com/product2ec5.html]
[tradingwaala.com/productca4e.html]
[tradingwaala.com/product3b93.html]
[tradingwaala.com/product1afa.html]
[tradingwaala.com/producta8e9.html]
[tradingwaala.com/product7c0e.html]
[tradingwaala.com/product8b58.html]
[tradingwaala.com/product9d21.html]
[tradingwaala.com/product2567.html]
[tradingwaala.com/productdba6.html]
[tradingwaala.com/producta5bf.html]
[tradingwaala.com/productcd5f.html]
[tradingwaala.com/product5575.html]
[tradingwaala.com/product07d8.html]
[tradingwaala.com/producte76e.html]
[tradingwaala.com/product34ac.html]
[tradingwaala.com/product9bec.html]
[tradingwaala.com/productf5eb.html]
[tradingwaala.com/product17b1.html]
[tradingwaala.com/product535d.html]
[tradingwaala.com/productb83d.html]
[tradingwaala.com/product7d48.html]
[tradingwaala.com/product47d4.html]
[tradingwaala.com/product3c70.html]
[tradingwaala.com/productdbde.html]
[tradingwaala.com/product1956.html]
[tradingwaala.com/product0892.html]
[tradingwaala.com/productb446.html]
[tradingwaala.com/productb73c.html]
[tradingwaala.com/productc51a.html]
[tradingwaala.com/product4fb8.html]
[tradingwaala.com/productbddf.html]
[tradingwaala.com/product5b18.html]
[tradingwaala.com/product5604.html]
[tradingwaala.com/product7586.html]
[tradingwaala.com/productc887.html]
[tradingwaala.com/producta8fd.html]
[tradingwaala.com/product2e9a.html]
[tradingwaala.com/producte6c6.html]
[tradingwaala.com/product97ee.html]
[tradingwaala.com/product73f3.html]
[tradingwaala.com/product59a7.html]
[tradingwaala.com/super_admin/assets/sub_category/Auto Electronics.jpg]
[tradingwaala.com/product69c5.html]
[tradingwaala.com/super_admin/assets/sub_category/Aircraft Engines & Components.jpg]
[tradingwaala.com/producta211.html]
[tradingwaala.com/super_admin/assets/sub_category/Seals, Oil Seals & Industrial Seals.jpg]
[tradingwaala.com/productae2f.html]
[tradingwaala.com/super_admin/assets/sub_category/Bicycles & Rickshaws.jpg]
[tradingwaala.com/product8713.html]
[tradingwaala.com/super_admin/assets/sub_category/Garden Accessories.jpg]
[tradingwaala.com/product34b6.html]
[tradingwaala.com/super_admin/assets/sub_category/Cushion & Cushion Covers.jpg]
[tradingwaala.com/product2d0f.html]
[tradingwaala.com/super_admin/assets/sub_category/Lamps and Lighting Fixtures.jpg]
[tradingwaala.com/productf80e.html]
[tradingwaala.com/super_admin/assets/sub_category/Vacuum Cleaners.jpg]
[tradingwaala.com/product1c82.html]
[tradingwaala.com/super_admin/assets/sub_category/Solar Power Products.jpg]
[tradingwaala.com/super_admin/assets/sub_category/Biogas and Biofuels.jpg]
[tradingwaala.com/super_admin/assets/sub_category/Petroleum Products & Supplies.jpg]
[tradingwaala.com/super_admin/assets/sub_category/Event Planner & Organizer.jpg]
[tradingwaala.com/product2d20.html]
[tradingwaala.com/super_admin/assets/sub_category/Turnkey Project Services.jpg]
[tradingwaala.com/productd31e.html]
[tradingwaala.com/super_admin/assets/sub_category/Brokerage & Agents.jpg]
[tradingwaala.com/producta6a0.html]
[tradingwaala.com/super_admin/assets/sub_category/Employment Services.jpg]
[tradingwaala.com/product9b92.html]
[tradingwaala.com/super_admin/assets/sub_category/Hand Gloves & Mittens.jpg]
[tradingwaala.com/super_admin/assets/sub_category/Undergarments & Nightwear.jpg]
[tradingwaala.com/super_admin/assets/sub_category/Umbrellas, Rainwear and Waterproof Apparel.jpg]
[tradingwaala.com/super_admin/assets/sub_category/Socks & Leggings.jpg]
[tradingwaala.com/super_admin/assets/sub_category/Party Decoration Supplies.jpg]
[tradingwaala.com/product3a7c.html]
[tradingwaala.com/super_admin/assets/sub_category/Bead Crafts.jpg]
[tradingwaala.com/productf9ca.html]
[tradingwaala.com/super_admin/assets/sub_category/Acrylic Crafts.jpg]
[tradingwaala.com/product9931.html]
[tradingwaala.com/super_admin/assets/sub_category/Flower Gifts.jpg]
[tradingwaala.com/product837b.html]
[tradingwaala.com/super_admin/assets/sub_category/Computer Printers.jpg]
[tradingwaala.com/super_admin/assets/sub_category/Computer Server.jpg]
[tradingwaala.com/super_admin/assets/sub_category/Organic Chemical.jpg]
[tradingwaala.com/product9499.html]
[tradingwaala.com/super_admin/assets/sub_category/Agrochemicals.jpg]
[tradingwaala.com/product07dd.html]
[tradingwaala.com/super_admin/assets/sub_category/Inorganic Chemical.jpg]
[tradingwaala.com/product2a7b.html]
[tradingwaala.com/super_admin/assets/sub_category/Plastic Granules & Raw Materials.jpg]
[tradingwaala.com/product40d9.html]
[tradingwaala.com/super_admin/assets/sub_category/Commercial Use Furniture.jpg]
[tradingwaala.com/productd519.html]
[tradingwaala.com/super_admin/assets/sub_category/Furniture Accessories.jpg]
[tradingwaala.com/product97bf.html]
[tradingwaala.com/super_admin/assets/sub_category/Institutional Furniture.jpg]
[tradingwaala.com/productdb08.html]
[tradingwaala.com/super_admin/assets/sub_category/Laundry & Dry Cleaning Services.jpg]
[tradingwaala.com/productd585.html]
[tradingwaala.com/super_admin/assets/sub_category/Termite & Pest Control Services.jpg]
[tradingwaala.com/product9378.html]
[tradingwaala.com/super_admin/assets/sub_category/Legal Advisors & Consultants.jpg]
[tradingwaala.com/super_admin/assets/sub_category/Stock Brokers.jpg]
[tradingwaala.com/super_admin/assets/sub_category/Home, Auto & Other Loan Services.jpg]
[tradingwaala.com/super_admin/assets/sub_category/Air Cleaning Equipment.jpg]
[tradingwaala.com/super_admin/assets/sub_category/Herbal Foods.jpg]
[tradingwaala.com/product9b59.html]
[tradingwaala.com/super_admin/assets/sub_category/Dairy Equipment.jpg]
[tradingwaala.com/productadf9.html]
[tradingwaala.com/super_admin/assets/sub_category/Organic Food.jpg]
[tradingwaala.com/product8daf.html]
[tradingwaala.com/super_admin/assets/sub_category/Audio Video Products & Supplies.jpg]
[tradingwaala.com/super_admin/assets/sub_category/Biometrics & Access Control Devices.jpg]
[tradingwaala.com/super_admin/assets/sub_category/Inverters, Converters & Power Supplies.jpg]
[tradingwaala.com/super_admin/assets/sub_category/Electrical Components.jpg]
[tradingwaala.com/super_admin/assets/sub_category/Herbal Medicines.jpg]
[tradingwaala.com/productd40d.html]
[tradingwaala.com/super_admin/assets/sub_category/Natural Herbs.jpg]
[tradingwaala.com/product1890.html]
[tradingwaala.com/super_admin/assets/sub_category/Ayurvedic Products.jpg]
[tradingwaala.com/product17c7.html]
[tradingwaala.com/super_admin/assets/sub_category/Ayurvedic Medicines.jpg]
[tradingwaala.com/product8849.html]
[tradingwaala.com/super_admin/assets/sub_category/Body Fragrances.jpg]
[tradingwaala.com/product9f4f.html]
[tradingwaala.com/super_admin/assets/sub_category/Natural Cosmetics.jpg]
[tradingwaala.com/producte702.html]
[tradingwaala.com/super_admin/assets/sub_category/Hospital, Clinic & Medical Services.jpg]
[tradingwaala.com/productf773.html]
[tradingwaala.com/super_admin/assets/sub_category/Orthopedic Equipment & Supplies.jpg]
[tradingwaala.com/productfa11.html]
[tradingwaala.com/super_admin/assets/sub_category/Wall and Floor Decorative.jpg]
[tradingwaala.com/product42ff.html]
[tradingwaala.com/super_admin/assets/sub_category/Building Hardware.jpg]
[tradingwaala.com/productcab1.html]
[tradingwaala.com/super_admin/assets/sub_category/Real Estate.jpg]
[tradingwaala.com/product9bae.html]
[tradingwaala.com/super_admin/assets/sub_category/Irrigation & Watering Supplies.jpg]
[tradingwaala.com/product9021.html]
[tradingwaala.com/super_admin/assets/sub_category/Starch, Husk & Agro Waste.jpg]
[tradingwaala.com/producta0cf.html]
[tradingwaala.com/super_admin/assets/sub_category/Electric Fans.jpg]
[tradingwaala.com/super_admin/assets/sub_category/Detective & Investigation Agencies.jpg]
[tradingwaala.com/super_admin/assets/sub_category/Hammock.jpg]
[tradingwaala.com/productb842.html]
[tradingwaala.com/super_admin/assets/sub_category/Home Furnishings & Decor.jpg]
[tradingwaala.com/productcc85.html]
[tradingwaala.com/super_admin/assets/sub_category/Cushions.jpg]
[tradingwaala.com/index-2.html]
[tradingwaala.com/search.html]
[tradingwaala.com/productb301]
[tradingwaala.com/admin/assets/images/banner.png]
[tradingwaala.com/admin/register.1db.delayed]
[tradingwaala.com/admin/assets/plugins/jQuery/jquery-1.12.4.min.js]
